// Jest Snapshot v1, https://goo.gl/fbAQLP

exports[`Header matches snapshot 1`] = `
Object {
  "asFragment": [Function],
  "baseElement": <body>
    <div>
      <div
        class="head"
      >
        <div
          class="logo"
        >
          <img
            alt="logo"
            src="logo.png"
            width="100%"
          />
        </div>
        <div
          class="buttons"
        >
          <form
            action="./"
            method="post"
          >
            <input
              class="button"
              id="account"
              name="account"
              type="submit"
              value="login/out"
            />
            <input
              class="button"
              id="peep"
              name="peep"
              type="submit"
              value="PEEP"
            />
            <input
              class="button"
              id="all-peeps"
              name="all-peeps"
              type="submit"
              value="all peeps"
            />
          </form>
        </div>
      </div>
    </div>
  </body>,
  "container": <div>
    <div
      class="head"
    >
      <div
        class="logo"
      >
        <img
          alt="logo"
          src="logo.png"
          width="100%"
        />
      </div>
      <div
        class="buttons"
      >
        <form
          action="./"
          method="post"
        >
          <input
            class="button"
            id="account"
            name="account"
            type="submit"
            value="login/out"
          />
          <input
            class="button"
            id="peep"
            name="peep"
            type="submit"
            value="PEEP"
          />
          <input
            class="button"
            id="all-peeps"
            name="all-peeps"
            type="submit"
            value="all peeps"
          />
        </form>
      </div>
    </div>
  </div>,
  "debug": [Function],
  "findAllByAltText": [Function],
  "findAllByDisplayValue": [Function],
  "findAllByLabelText": [Function],
  "findAllByPlaceholderText": [Function],
  "findAllByRole": [Function],
  "findAllByTestId": [Function],
  "findAllByText": [Function],
  "findAllByTitle": [Function],
  "findByAltText": [Function],
  "findByDisplayValue": [Function],
  "findByLabelText": [Function],
  "findByPlaceholderText": [Function],
  "findByRole": [Function],
  "findByTestId": [Function],
  "findByText": [Function],
  "findByTitle": [Function],
  "getAllByAltText": [Function],
  "getAllByDisplayValue": [Function],
  "getAllByLabelText": [Function],
  "getAllByPlaceholderText": [Function],
  "getAllByRole": [Function],
  "getAllByTestId": [Function],
  "getAllByText": [Function],
  "getAllByTitle": [Function],
  "getByAltText": [Function],
  "getByDisplayValue": [Function],
  "getByLabelText": [Function],
  "getByPlaceholderText": [Function],
  "getByRole": [Function],
  "getByTestId": [Function],
  "getByText": [Function],
  "getByTitle": [Function],
  "queryAllByAltText": [Function],
  "queryAllByDisplayValue": [Function],
  "queryAllByLabelText": [Function],
  "queryAllByPlaceholderText": [Function],
  "queryAllByRole": [Function],
  "queryAllByTestId": [Function],
  "queryAllByText": [Function],
  "queryAllByTitle": [Function],
  "queryByAltText": [Function],
  "queryByDisplayValue": [Function],
  "queryByLabelText": [Function],
  "queryByPlaceholderText": [Function],
  "queryByRole": [Function],
  "queryByTestId": [Function],
  "queryByText": [Function],
  "queryByTitle": [Function],
  "rerender": [Function],
  "unmount": [Function],
}
`;
